// Jest Snapshot v1, https://goo.gl/fbAQLP

exports[`<GameContainer /> validates that the component mounts 1`] = `"<div class=\\"game-container\\"><span class=\\"game-container_status\\">X&#x27;s turn</span><div class=\\"game-container_board\\"><div class=\\"game-container_board-row\\"><button class=\\"game-container_board-cell\\"></button><button class=\\"game-container_board-cell\\"></button><button class=\\"game-container_board-cell\\"></button></div><div class=\\"game-container_board-row\\"><button class=\\"game-container_board-cell\\"></button><button class=\\"game-container_board-cell\\"></button><button class=\\"game-container_board-cell\\"></button></div><div class=\\"game-container_board-row\\"><button class=\\"game-container_board-cell\\"></button><button class=\\"game-container_board-cell\\"></button><button class=\\"game-container_board-cell\\"></button></div></div><button id=\\"game-container_restart\\">Restart</button></div>"`;
